// Jest Snapshot v1, https://goo.gl/fbAQLP

exports[`Pruebas en <GitItem /> debe de hacer match con el snapshot 1`] = `
<div>
  <div
    class="card"
  >
    <img
      alt="Satoru Gojo"
      src="https://jujutsukaisen.com/gojo.jpg"
    />
    <p>
      Satoru Gojo
    </p>
  </div>
</div>
`;
